int64_t x = None x 0
int64_t y = Some("0") x 0
int64_t z = Some("1") x 3
int64_t w = None x 7
b0: none at 3
b1: body at 3
b2: body at 4
break
Slot(name: "first", index: 0, spelled: true)
Slot(name: "second", index: 2, spelled: true)
Slot(name: "third", index: 3, spelled: false)
17 generic = None x 0
true generic = None x 0
