https://example.test/guide/start.html
example.test
https://example.test/reference/index.html#top
due 25.09.2026
years: 2
app/project.trb
Ok(/orders/7?fields=total&fields=lines)
None
Some(OrderPath(id: 12, fields: []))
Some(Order(id: 9))
Some(Search(query: "tea"))
None
Ok(/search?query=green%20tea)
the routes do not fit their cases:
the case `Order` has no route
the case `Search` has no route
