Vector(x: 1.0, y: 2.0) Vector(x: 3.0, y: 3.0)
9.0
Vector(x: 6.0, y: 7.0) Vector(x: 8.0, y: 8.0)
name ada
hi
Ok(Percent(value: 42)) Fail("142 is not a percentage")
Config(cause: ConfigError(message: "by name"))
Config(cause: ConfigError(message: "into"))
Vector(x: 9.0, y: 1.0) Vector(x: 2.0, y: 2.0)
