report arm then
close arm
the statement of the arm ended
report no arm then
the statement of the arm ended
report fallback then
close fallback
the statement of the fallback ended
report given then
the statement of the fallback ended
report trait then
close trait
the statement of the trait value ended
report no trait then
the statement of the trait value ended
report turn 0 then
close turn 0
report skipped 1 then
report turn 2 then
close turn 2
report skipped 3 then
the loop ended
