touch found
in the block
close found
after the block
---
touch found
in the arm
close found
after the match
---
touch one
round done
touch two
round done
close two
close one
after the loop
---
described temporary and the rest of the line
close temporary
touch chained
close chained
the next statement
