{"name":"sketch","shapes":[{"Circle":{"center":{"x":1,"y":2},"radius":1.5}},{"Square":{"side":3}},"Empty"],"layers":{"background":0,"ink":1},"note":"draft","visible":true}
Ok(Drawing(name: "sketch", shapes: [Circle(center: Point(x: 1, y: 2), radius: 1.5), Square(side: 3), Empty], layers: ["background": 0, "ink": 1], note: Some("draft"), visible: true, cache: "not written"))
Ok(Drawing(name: "empty", shapes: [], layers: [:], note: None, visible: true, cache: "not written"))
