created: first, entries ["index"]
replaced: second, entries ["index"]
the permissions kept: true, writable: true
a missing directory fails, entries ["index"]
renamed over it: draft, entries ["index"]
copied: draft, entries ["copy", "index"]
walked: ["copy", "index", "tree", "tree/inner", "tree/inner/leaf"]
removed: entries ["index"]
removing it again is no failure: true
removing a missing file is one: true
removed: true
