Rectangle(origin: Vector2(x: 0.0, y: 0.0), size: Vector2(x: 8.0, y: 8.0)) Vector2(x: 0.0, y: 0.0) Vector2(x: 8.0, y: 8.0) 64.0 Vector2(x: 4.0, y: 4.0)
true false true
false Rectangle(origin: Vector2(x: 8.0, y: 0.0), size: Vector2(x: 0.0, y: 8.0)) Rectangle(origin: Vector2(x: 0.0, y: 0.0), size: Vector2(x: 16.0, y: 8.0))
Vector2(x: 0.0, y: 3.0) 5.0 5.0
Rectangle(origin: Vector2(x: -1.0, y: -1.0), size: Vector2(x: 10.0, y: 10.0)) Rectangle(origin: Vector2(x: 0.0, y: 0.0), size: Vector2(x: 12.0, y: 8.0)) false
Rectangle(origin: Vector2(x: 1.0, y: 2.0), size: Vector2(x: 3.0, y: 2.0)) Rectangle(origin: Vector2(x: -2.0, y: -2.0), size: Vector2(x: 4.0, y: 4.0))
Circle(center: Vector2(x: 0.0, y: 0.0), radius: 1.0) true true
true Rectangle(origin: Vector2(x: -1.0, y: -1.0), size: Vector2(x: 2.0, y: 2.0))
Vector2(x: 1.0, y: 0.0) 3.0
3.1415863037109375 6.2831878662109375
Vector2(x: 4.0, y: 0.0) 4.0 Vector2(x: 2.0, y: 0.0) Vector2(x: 1.0, y: 0.0) Rectangle(origin: Vector2(x: 0.0, y: 0.0), size: Vector2(x: 4.0, y: 0.0))
4.0 Vector2(x: 2.0, y: 0.0) 3.0
true Some(Vector2(x: 2.0, y: 0.0))
Some(4.0) None
Some(2.0) Some(2.0)
Vector2(x: 3.0, y: 0.0) Vector2(x: 0.0, y: 1.0)
16.0 8.0 Vector2(x: 1.3333282470703125, y: 1.3333282470703125) Rectangle(origin: Vector2(x: 0.0, y: 0.0), size: Vector2(x: 4.0, y: 4.0))
true false Vector2(x: 0.0, y: 1.0)
true 32.0 16.0 Rectangle(origin: Vector2(x: 0.0, y: 0.0), size: Vector2(x: 4.0, y: 4.0))
true true false
true 4
Box(origin: Vector3(x: 0.0, y: 0.0, z: 0.0), size: Vector3(x: 4.0, y: 4.0, z: 4.0)) 64.0 Vector3(x: 2.0, y: 2.0, z: 2.0) false
Box(origin: Vector3(x: 2.0, y: 2.0, z: 2.0), size: Vector3(x: 2.0, y: 2.0, z: 2.0)) Vector3(x: 4.0, y: 1.0, z: 1.0)
5.0 Vector3(x: 9.0, y: 4.0, z: 4.0)
true true Box(origin: Vector3(x: -1.0, y: -1.0, z: -1.0), size: Vector3(x: 2.0, y: 2.0, z: 2.0))
true Sphere(center: Vector3(x: 2.0, y: 2.0, z: 2.0), radius: 3.4640960693359375)
Sphere(center: Vector3(x: 2.0, y: 0.0, z: 0.0), radius: 3.0)
2.0 Vector3(x: 3.0, y: 0.0, z: 0.0) Vector3(x: 3.0, y: -2.0, z: 0.0)
true Plane(normal: Vector3(x: 0.0, y: -1.0, z: 0.0), distance: 0.0)
Vector3(x: 0.0, y: 0.0, z: 1.0) 8.0 Box(origin: Vector3(x: 0.0, y: 0.0, z: 0.0), size: Vector3(x: 4.0, y: 4.0, z: 0.0)) true
(0.5, 0.25, 0.25) 0.0
Some(4.0) Some(7.0)
Some(5.0) Vector3(x: 0.0, y: 0.0, z: 0.0)
Some(9.0)
