Vector2(x: 3, y: -4) Vector2(x: 6, y: -8) Vector2(x: 2, y: -5) Vector2(x: 9, y: -12) Vector2(x: 1, y: -2)
25 25 4 Vector2(x: -3, y: 4)
Vector2(x: 3, y: 4) 7 7
Vector2(x: 4, y: 3) 0 false true
Vector2(x: 0, y: -4) Vector2(x: 3, y: 0) Vector2(x: 2, y: 0)
Vector2(x: 6, y: -12) Vector2(x: 1, y: -2) -1
Vector2(x: 9, y: -4) Vector2(x: 3, y: 9) 3 -4
Vector2(x: 3.0, y: -4.0) Vector2(x: 3.0, y: -4.0)
Vector2(x: 2, y: -2) Vector2(x: 1, y: -2) Vector2(x: 2, y: -1)
Vector3(x: 1, y: 2, z: 3) Vector3(x: -3, y: 0, z: 1) 14 Vector2(x: 1, y: 2) 6
6 Vector3(x: 1, y: 2, z: 9) Vector3(x: 1.0, y: 2.0, z: 3.0) 3
Rectangle(origin: Vector2(x: 0, y: 0), size: Vector2(x: 8, y: 8)) 64 Vector2(x: 0, y: 0) Vector2(x: 8, y: 8)
false true Rectangle(origin: Vector2(x: 0, y: 0), size: Vector2(x: 16, y: 8))
aaaaaaaabbbbbbbb
true false false
Vector2(x: 0, y: 3) 5
Rectangle(origin: Vector2(x: 1, y: 1), size: Vector2(x: 8, y: 8)) Rectangle(origin: Vector2(x: -1, y: -1), size: Vector2(x: 10, y: 10)) Rectangle(origin: Vector2(x: 0, y: 0), size: Vector2(x: 2, y: 2))
Rectangle(origin: Vector2(x: 1, y: 2), size: Vector2(x: 3, y: 2)) Vector2(x: 12, y: 8)
Vector2(x: 4, y: 0) 4 4 Rectangle(origin: Vector2(x: 0, y: 0), size: Vector2(x: 4, y: 0))
true false
16 16 Rectangle(origin: Vector2(x: 0, y: 0), size: Vector2(x: 4, y: 4)) true
false 54 Rectangle(origin: Vector2(x: 0, y: 0), size: Vector2(x: 6, y: 6))
true false 5
Box(origin: Vector3(x: 0, y: 0, z: 0), size: Vector3(x: 4, y: 4, z: 4)) 64 false Vector3(x: 4, y: 1, z: 1)
Box(origin: Vector3(x: 2, y: 2, z: 2), size: Vector3(x: 2, y: 2, z: 2)) 5
