Ok("GET /hello?name=ada -> 200 OK (length): hello from GET /hello?name=ada")
Ok("POST /echo -> 200 OK (length): echoed 22 bytes: a body of known length")
Ok("POST /echo -> 200 OK (length): echoed 18 bytes: streamed in chunks")
Ok("POST /json -> 200 OK (length): {\"text\":\"hi, back\",\"count\":2}")
Ok("GET /stream -> 200 OK (chunked): one two three")
Ok("GET /nowhere -> 404 Not Found (length): nothing at /nowhere")
Ok("GET /fail -> 500 Internal Server Error (length): 500 Internal Server Error\n")
Ok("GET /target/../target?who=%7eada -> 200 OK (length): http Some(127.0.0.1) /target [\"target\"] Some(\"who=~ada\")")
HEAD /hello -> Ok(200 OK), length Ok(Some("22"))
server: Fail(the task was cancelled)
