one client, one connection: true
the free functions, one each: true
released unread: 200 OK
after an unread response, a new connection: true
one connection allowed, and reused: true
free, moved: 301 
client, moved: 200 GET /target without credentials
client, see other: 200 GET /target without credentials
same host only: 302 
any host: 200 GET /target without credentials
never: 301 
a loop: failed: more than 10 redirects for one request
timed out: failed: request timed out
the slot came back: true
Ok(void)
server: Fail(the task was cancelled)
