Ada: 42
-127 65535 -1 9223372036854775807
true false ß Ada
void
Point(x: 1, y: 2)
Circle(radius: 3)
Label(text: "top", at: Point(x: 4, y: 5))
Empty
Wrapper(inner: "a\"b", character: '\n', flag: false, nothing: void)
Some(7) None Ok(1) Fail("no")
(1, "two")
[Point(x: 6, y: 7)]
[plain]
[8]
Ada 41 Point(x: 8, y: 9) x true

a	b\c{d}e
line one
  indented 41
line three

26
0,1,2,3,4,5,
outer inner 41 end
