Ok(200) Fail(NumberRangeError(message: "256")) Fail(NumberRangeError(message: "-1"))
Ok(-128) Fail(NumberRangeError(message: "300"))
Fail(NumberRangeError(message: "40000")) Ok(40000) Fail(NumberRangeError(message: "-5")) Ok(5)
Fail(NumberRangeError(message: "18446744073709551615"))
Ok(7)
Ok("hiä")
Fail(invalid UTF-8 at byte 4)
