[[1, 3, 5], [3, 5, 7], [5, 7, 9]]
9
[[0, 0], [0, 0]]
[[9, 0], [0, 8]]
[["a", "b"], ["c", "d"]]
[["a", "zz"], ["a!", "d"]]
[Point(x: 1, y: 2), Point(x: 3, y: 4)]
[Point(x: 1, y: 100), Point(x: 101, y: 4)]
[Label(text: "a", hits: 0), Label(text: "bb", hits: 0)]
[Label(text: "ccc", hits: 0), Label(text: "bb", hits: 2)]
[[1], [2]]
[[1, 10, 2], [2, 20]]
[["a", "c"], ["b"]]
[[1, 2], [3, 4]]
[[1, 2, 99], [3, 4]]
[[1, 2], [4, 4]]
[Point(x: 1, y: 3)]
["one", "two", "three"]
["one", "TWO", "oneTWO"]
