127.0.0.1 -> Ok(127.0.0.1)
0.0.0.0 -> Ok(0.0.0.0)
255.255.255.255 -> Ok(255.255.255.255)
192.168.1.23 -> Ok(192.168.1.23)
256.1.1.1 -> Fail(not an address: 256.1.1.1 (the part `256` is larger than 255))
1.2.3 -> Fail(not an address: 1.2.3 (an IPv4 address has four parts separated by dots))
01.2.3.4 -> Fail(not an address: 01.2.3.4 (the part `01` has a leading zero))
1.2.3.4.5 -> Fail(not an address: 1.2.3.4.5 (an IPv4 address has four parts separated by dots))
a.b.c.d -> Fail(not an address: a.b.c.d (the part `a` is not a number from 0 to 255))
 -> Fail(not an address:  (an IPv4 address has four parts separated by dots))
::1 -> Ok(::1)
:: -> Ok(::)
2001:DB8:0:0:0:0:0:1 -> Ok(2001:db8::1)
2001:db8:0:0:1:0:0:1 -> Ok(2001:db8::1:0:0:1)
fe80::1:2 -> Ok(fe80::1:2)
1:2:3:4:5:6:7:8 -> Ok(1:2:3:4:5:6:7:8)
::ffff:192.0.2.1 -> Ok(::ffff:192.0.2.1)
ffff:ffff:ffff:ffff:ffff:ffff:ffff:ffff -> Ok(ffff:ffff:ffff:ffff:ffff:ffff:ffff:ffff)
1::2::3 -> Fail(not an address: 1::2::3 (`::` may appear once))
12345::1 -> Fail(not an address: 12345::1 (the segment `12345` is not one to four hexadecimal digits))
fe80::1%eth0 -> Fail(not an address: fe80::1%eth0 (a zone is not part of an address))
1:2:3:4:5:6:7:8:9 -> Fail(not an address: 1:2:3:4:5:6:7:8:9 (an IPv6 address without `::` has eight segments))
127.0.0.1:8080 -> Ok(127.0.0.1:8080)
[::1]:443 -> Ok([::1]:443)
[2001:db8::1]:0 -> Ok([2001:db8::1]:0)
::1:80 -> Fail(not an address: ::1:80 (an IPv6 socket address is `[address]:port`))
1.2.3.4:65536 -> Fail(not an address: 1.2.3.4:65536 (the port `65536` is larger than 65535))
1.2.3.4 -> Fail(not an address: 1.2.3.4 (a socket address is `address:port`))
127.0.0.1 loopback true, private false, equal true
192.168.0.9 private true, octets [192, 168, 0, 9]
fe80::1 link-local true, segments [65152, 0, 0, 0, 0, 0, 0, 1]
[127.0.0.1, ::1]
Ok(::1) Ok(10.0.0.1) Fail(not an address: nope (an IPv4 address has four parts separated by dots))
