host: host.example.test. 300 IN A 192.0.2.7
alias: host.example.test. 300 IN A 192.0.2.7
big, over TCP: Ok(40) records, the first Ok(Some("big.example.test. 30 IN TXT \"record 0 of a set larger than one datagram of 512 bytes\""))
missing: failed: host not found true, timed out false
the whole answer: Ok(NXDOMAIN)
past two: host.example.test. 300 IN A 192.0.2.7
past a silent one: host.example.test. 300 IN A 192.0.2.7
only a silent one: failed: host not found false, timed out true
Ok(void)
