bound to 127.0.0.1, a port was chosen: true
Ok("HELLO, DATAGRAM (from the server: true)")
Ok(" (from the server: true)")
peer: true
reply: TO THE PEER
Ok("LAST (from the server: true)")
server heard Ok(["15 bytes", "0 bytes", "11 bytes", "4 bytes"])
to another address: false
refused: true
waited: false
Ok(void)
