map: 30000 items, the same as the sequential map: true
the first ten: [0, 1, 7, 2, 5, 8, 16, 3, 19, 6]
filter: 15000 odd numbers, in order: true
count: 4738 numbers take more than 150 steps
sum: 2864311, the same as the sequential sum: true
find: 6171 is the first number that takes more than 250 steps
filterMap: [1, 2, 3, 4, 5, 6, 7, 8, 9, 10, 11, 12, 13, 14, 15, 16, 17, 18, 19, 20, 21, 22, 23, 24, 25, 26, 27, 28, 29, 30]
a Float sum is the same with one worker, two and all: true
seven chunks: true
an empty input: []
words: [3, 3, 5, 4, 4]
