Ok(42) Ok(-128) Fail(NumberParseError(text: "-129")) Fail(NumberParseError(text: "300"))
Ok(-32768) Fail(NumberParseError(text: "32768"))
Ok(2147483647) Fail(NumberParseError(text: "2147483648"))
Ok(255) Fail(NumberParseError(text: "256")) Fail(NumberParseError(text: "-1"))
Ok(65535) Fail(NumberParseError(text: "65536"))
Ok(4294967295) Fail(NumberParseError(text: "4294967296"))
Ok(-7) false Ok(300)
127
