limit
Binary(Literal(5: Int64) Add Literal(1: Int64): Int64)
age
length
at
name
Call(Captured(0 user: User) User.isAdult(): Bool)
Unary(Negate Captured(0 minimum: Int64))
Conditional(Binary(Captured(0 minimum: Int64) Greater Literal(3: Int64): Bool) ? Literal("big": String) : Literal("small": String))
Lambda(person => Binary(Field(Parameter(0 person: User).age: Int64) GreaterOrEqual Captured(0 minimum: Int64): Bool))
Items(2: List<Int64>)
Interpolation(3)
Construct(2: User)
minimum * 2 at line 88
Literal("a{2,4}": Regex)
evaluated
42
true Lambda(person => Binary(Field(Parameter(0 _: User).age: Int64) GreaterOrEqual Captured(0 minimum: Int64): Bool))
