port 9100, ratio 0.25, Verbose(depth: 2), fallback Some(Endpoint(host: "backup", port: 8081)), endpoints ["api": Endpoint(host: "example.org", port: 443)], names before with-x with-y, 3 named
applied twice: port 9100, ratio 0.25, Verbose(depth: 2), fallback None, endpoints ["api": Endpoint(host: "example.org", port: 443)], names with-x with-y with-x with-y, 4 named
stopped: 2: The script ran more than 10000 steps
not loaded: 1: The script may not import `std/os/environment`: the caller grants it with `modules "std/os/environment"`
port 7, ratio 0.5, Quiet, fallback Some(Endpoint(host: "backup", port: 8081)), endpoints [:], names before, 1 named
port 1, ratio 0.125, Verbose(depth: 7), fallback Some(Endpoint(host: "backup", port: 8081)), endpoints [:], names before run, 2 named
not loaded: 1: Expected `Int64`, found `String`
stopped: 2: no configuration today
not loaded: There is no script `./generated/nowhere.trb`
the program goes on
