awaited before the tests: 110
  FAILED  a chunk of a parallel map that panics fails the test that started it
          37 is the one number this does not double
          at torbscript/conformance/task-test-panic-waiting.trb:13:5
  ok      the next test's tasks run on a whole pool
awaited after the tests: 310
