  FAILED  a chunk of a parallel map that panics fails the test that started it
          37 is the one number this does not double
          at torbscript/conformance/task-test-panic.trb:18:5
  FAILED  a spawned task that panics fails its test too
          37 is the one number this does not double
          at torbscript/conformance/task-test-panic.trb:18:5
  ok      the tasks of the next test run on a whole pool
