  FAILED  a failure > a failed assertion shows the source and the captured values
          Assertion failed: left == right
            left = the Int 1
            right = the Int 2
          at torbscript/conformance/test-failure.trb:23:5
  FAILED  a failure > a body that panics is a failure too
          not built yet
          at torbscript/conformance/test-failure.trb:27:5
  ok      a failure > and the next test still runs
