Some(10)
Some(8080)
None
Some(-5)
Some(0.5)
Some("hello")
Some(true)
Some('x')
Some([1, 2, 3])
Some((1, "one"))
Some(Node(value: 3))
Some(4.0)
Some(1)
Ok(7)
("one", Some(1))
[Some(1), None, Some(3)]
["ada": Some(36), "alan": None]
Some(2)
Some(2)
None
Some(80)
Some("default")
Some(5)
Some(2)
None
Ok(4)
Fail(Negative(value: -1))
Ok(4)
Fail(Negative(value: -4))
Some("a")
None
Some(9.0)
None
Ok(Some(1))
Ok(None)
Some(Some(4))
None
some 7
grown from Leaf
grown from nothing
Ok("one")
Fail(Missing(key: "5"))
validated 2
Ok(void)
Fail(Negative(value: -2))
true
false
