  FAILED  an integer
          Assertion failed: count == wanted
            count = the Int 1
            wanted = the Int 2
          at torbscript/native-tests/assert-values.trb:20:3
  FAILED  a text
          Assertion failed: word == wanted
            word = the String "hi"
            wanted = the String "ho"
          at torbscript/native-tests/assert-values.trb:26:3
  FAILED  a character
          Assertion failed: letter == wanted
            letter = the Char 'a'
            wanted = the Char 'b'
          at torbscript/native-tests/assert-values.trb:32:3
  FAILED  a float
          Assertion failed: ratio == wanted
            ratio = the Float 1.5
            wanted = the Float 2.25
          at torbscript/native-tests/assert-values.trb:38:3
  FAILED  a boolean
          Assertion failed: flag == wanted
            flag = the Bool true
            wanted = the Bool false
          at torbscript/native-tests/assert-values.trb:44:3
