10
30
bb
3
[1, 2]
4
[5, 2, 6]
[Point(x: 100, y: 2), Point(x: 10, y: 4)]
[Counter(name: "ccc", hits: 0), Counter(name: "bb", hits: 2)]
[1, 3, 3]
[Point(x: 1, y: 3)]
[Counter(name: "a!", hits: 0)]
[1, 2, 3]
[9, 2, 3]
[Counter(name: "a", hits: 0), Counter(name: "bb", hits: 1)]
[Counter(name: "a", hits: 1), Counter(name: "bb", hits: 1)]
[[1, 2], [3, 4]]
[[1, 10], [9, 4]]
[["a"], ["z", "c"]]
[3, 2, 1]
[3, 8, 1]
[3, 2, 1]
["bb", "a"]
[1, 2, 3, 4, 5]
[]
[7]
[1, 2, 3, 4]
[1, 2, 3, 4]
["a", "e", "bb", "dd", "ccc"]
[Point(x: 1, y: 2), Point(x: 2, y: 3), Point(x: 3, y: 1)]
["first", "second", "third"]
[0, 0, 0, 1, 1, 2, 2, 3, 3, 4, 4, 5, 5, 6, 6, 7, 7, 8, 8, 9, 9]
21
[1, 2, 3]
[2, 3]
[2, 3, 4]
[1, 2]
[4, 5]
[1, 2, 3, 4, 5]
[]
[1, 2, 3, 4, 5]
["bb", "ccc"]
["a", "bb", "ccc", "dddd"]
[1, 2]
[9, 2, 3]
[[3, 4], [5, 6]]
