["Ada": 36, "Grace": 45]
[1: "one", 2: "two"]
[Point(x: 1, y: 2): "origin"]
["odd": [1, 3], "even": [2]]
[:]
0
{"a", "bb", "ccc"}
{3, 1, 2}
{Point(x: 1, y: 2), Point(x: 3, y: 4)}
{}
["Ada": 37, "Grace": 45, "Zoe": 7]
Ada is 37
Grace is 45
Zoe is 7
["Ada", "Grace", "Zoe"]
[37, 45, 7]
true
false
Some(45)
None
Some(2)
None
["a": 1, "c": 3, "d": 4]
3
a=1
c=3
d=4
true
{"a", "ccc"}
false
true
["a": Counter(hits: 2), "b": Counter(hits: 9)]
Counter(hits: 2)
["a": 1]
["a": 2, "b": 3]
["Ada": 36]
["Ada": 36, "Grace": 45]
["Grace": 45]
{"a"}
{"a", "bb"}
{"alpha", "beta", "gamma"}
[5: ["alpha", "gamma"], 4: ["beta", "beta"]]
["a": 1, "b": 2]
{1, 2, 3, 4}
{3}
{1, 2}
1
0
["a": 1, "b": 0]
[3: ["Ada"], 4: ["Alan"], 5: ["Grace"]]
