.
.
src
src/main.trb
src/x
../src
/
/usr/bin
C:/x
C:/
C:/foo
//server/share/x
Some("lib.trb") Some("lib") Some("trb")
Some(std/path/src) std/path/src/lib.trb/deeper std/path/src/lib.trb/etc/passwd
Some(std/path/src/lib.c) Some(std/path/src/other.trb)
true Some(../../path/src/lib.trb)
/b /a
../b ../a
Ok(/srv/app/data/x)
Fail(/etc/passwd is not inside /srv/app)
Fail(/etc is not inside /srv/app)
Ok(/srv/app/b)
Fail(srv is not an absolute path)
true
false
Some(1)
[a, b, /a, C:/a]
/repository/std/fs/project.trb
/repository/std/fs/main.trb
/
/repository/std/fs/src
/repository/std/fs/project.trb
[std/fs, std/path]
/repository/std
[/repository/std/fs, /repository]
src/path.trb
/repository/std/fs/build/release/torb
