{"type":"response","request_seq":1,"success":true,"command":"initialize","body":{"supportsConfigurationDoneRequest":true,"supportsEvaluateForHovers":true,"supportsTerminateRequest":true,"supportsExceptionInfoRequest":true,"exceptionBreakpointFilters":[{"filter":"panic","label":"Panics","description":"Stop where a panic begins - a failing `assert` too - before it ends the program or its test","default":true}],"supportsConditionalBreakpoints":false,"supportsSetVariable":false,"supportsStepBack":false,"supportsLoadedSourcesRequest":false}}
{"type":"response","request_seq":2,"success":true,"command":"launch","body":{}}
{"type":"event","event":"initialized","body":{}}
{"type":"response","request_seq":3,"success":true,"command":"setBreakpoints","body":{"breakpoints":[{"verified":true,"line":18}]}}
{"type":"response","request_seq":4,"success":true,"command":"setExceptionBreakpoints","body":{}}
{"type":"response","request_seq":5,"success":true,"command":"configurationDone","body":{}}
{"type":"response","request_seq":6,"success":true,"command":"threads","body":{"threads":[{"id":1,"name":"main"}]}}
{"type":"event","event":"stopped","body":{"reason":"breakpoint","threadId":1,"allThreadsStopped":true}}
{"type":"response","request_seq":7,"success":true,"command":"stackTrace","body":{"stackFrames":[{"id":1,"name":"main.trb","source":{"name":"main.trb","path":"{root}/main.trb"},"line":18,"column":1}],"totalFrames":1}}
{"type":"response","request_seq":8,"success":true,"command":"scopes","body":{"scopes":[{"name":"Locals","presentationHint":"locals","variablesReference":1,"expensive":false}]}}
{"type":"response","request_seq":9,"success":true,"command":"variables","body":{"variables":[{"name":"origin","value":"Point(x: 1, y: 2)","type":"Point","variablesReference":2},{"name":"numbers","value":"[10, 20, 30]","type":"List<Int>","indexedVariables":3,"variablesReference":3},{"name":"label","value":"\"sum\"","type":"String","variablesReference":0}]}}
{"type":"response","request_seq":10,"success":true,"command":"variables","body":{"variables":[{"name":"x","value":"1","type":"Int","variablesReference":0},{"name":"y","value":"2","type":"Int","variablesReference":0}]}}
{"type":"response","request_seq":11,"success":true,"command":"variables","body":{"variables":[{"name":"[0]","value":"10","type":"Int","variablesReference":0},{"name":"[1]","value":"20","type":"Int","variablesReference":0},{"name":"[2]","value":"30","type":"Int","variablesReference":0}]}}
{"type":"response","request_seq":12,"success":true,"command":"evaluate","body":{"result":"2","type":"Int","variablesReference":0}}
{"type":"response","request_seq":13,"success":true,"command":"evaluate","body":{"result":"20","type":"Int","variablesReference":0}}
{"type":"response","request_seq":14,"success":false,"command":"evaluate","message":"There is no `missing` in this frame","body":{"error":{"id":1,"format":"There is no `missing` in this frame"}}}
{"type":"response","request_seq":15,"success":true,"command":"stepIn","body":{}}
{"type":"event","event":"stopped","body":{"reason":"step","threadId":1,"allThreadsStopped":true}}
{"type":"response","request_seq":16,"success":true,"command":"stackTrace","body":{"stackFrames":[{"id":1,"name":"sum","source":{"name":"main.trb","path":"{root}/main.trb"},"line":8,"column":3},{"id":2,"name":"main.trb","source":{"name":"main.trb","path":"{root}/main.trb"},"line":18,"column":1}],"totalFrames":2}}
{"type":"response","request_seq":17,"success":true,"command":"next","body":{}}
{"type":"event","event":"stopped","body":{"reason":"step","threadId":1,"allThreadsStopped":true}}
{"type":"response","request_seq":18,"success":true,"command":"stackTrace","body":{"stackFrames":[{"id":1,"name":"sum","source":{"name":"main.trb","path":"{root}/main.trb"},"line":9,"column":3}],"totalFrames":2}}
{"type":"response","request_seq":19,"success":true,"command":"scopes","body":{"scopes":[{"name":"Locals","presentationHint":"locals","variablesReference":1,"expensive":false}]}}
{"type":"response","request_seq":20,"success":true,"command":"variables","body":{"variables":[{"name":"values","value":"[10, 20, 30]","type":"List<Int>","indexedVariables":3,"variablesReference":2},{"name":"total","value":"0","type":"Int","variablesReference":0}]}}
{"type":"response","request_seq":21,"success":true,"command":"continue","body":{"allThreadsContinued":true}}
{"type":"event","event":"output","body":{"category":"stdout","output":"sum 60 at 1\n"}}
{"type":"event","event":"exited","body":{"exitCode":0}}
{"type":"event","event":"terminated","body":{}}
