{"type":"response","request_seq":1,"success":true,"command":"initialize","body":{"supportsConfigurationDoneRequest":true,"supportsEvaluateForHovers":true,"supportsTerminateRequest":true,"supportsExceptionInfoRequest":true,"exceptionBreakpointFilters":[{"filter":"panic","label":"Panics","description":"Stop where a panic begins - a failing `assert` too - before it ends the program or its test","default":true}],"supportsConditionalBreakpoints":false,"supportsSetVariable":false,"supportsStepBack":false,"supportsLoadedSourcesRequest":false}}
{"type":"response","request_seq":2,"success":true,"command":"launch","body":{}}
{"type":"event","event":"initialized","body":{}}
{"type":"response","request_seq":3,"success":true,"command":"setExceptionBreakpoints","body":{}}
{"type":"response","request_seq":4,"success":true,"command":"configurationDone","body":{}}
{"type":"event","event":"output","body":{"category":"stdout","output":"before the panic\n"}}
{"type":"event","event":"stopped","body":{"reason":"exception","threadId":1,"allThreadsStopped":true,"description":"Panic","text":"division by zero in `/` (at main.trb:3:3)"}}
{"type":"response","request_seq":5,"success":true,"command":"exceptionInfo","body":{"exceptionId":"panic","description":"division by zero in `/` (at main.trb:3:3)","breakMode":"always"}}
{"type":"response","request_seq":6,"success":true,"command":"stackTrace","body":{"stackFrames":[{"id":1,"name":"share","source":{"name":"main.trb","path":"{root}/main.trb"},"line":3,"column":3},{"id":2,"name":"main.trb","source":{"name":"main.trb","path":"{root}/main.trb"},"line":8,"column":1}],"totalFrames":2}}
{"type":"response","request_seq":7,"success":true,"command":"scopes","body":{"scopes":[{"name":"Locals","presentationHint":"locals","variablesReference":1,"expensive":false}]}}
{"type":"response","request_seq":8,"success":true,"command":"variables","body":{"variables":[{"name":"total","value":"10","type":"Int","variablesReference":0},{"name":"parts","value":"0","type":"Int","variablesReference":0}]}}
{"type":"response","request_seq":9,"success":true,"command":"continue","body":{"allThreadsContinued":true}}
{"type":"event","event":"exited","body":{"exitCode":101}}
{"type":"event","event":"terminated","body":{}}
# stderr
panic: division by zero in `/`\n  at main.trb:3:3\n
