{"type":"response","request_seq":1,"success":true,"command":"initialize","body":{"supportsConfigurationDoneRequest":true,"supportsEvaluateForHovers":true,"supportsTerminateRequest":true,"supportsExceptionInfoRequest":true,"exceptionBreakpointFilters":[{"filter":"panic","label":"Panics","description":"Stop where a panic begins - a failing `assert` too - before it ends the program or its test","default":true}],"supportsConditionalBreakpoints":false,"supportsSetVariable":false,"supportsStepBack":false,"supportsLoadedSourcesRequest":false}}
{"type":"response","request_seq":2,"success":true,"command":"launch","body":{}}
{"type":"event","event":"initialized","body":{}}
{"type":"response","request_seq":3,"success":true,"command":"setBreakpoints","body":{"breakpoints":[{"verified":true,"line":5},{"verified":true,"line":16}]}}
{"type":"response","request_seq":4,"success":true,"command":"configurationDone","body":{}}
{"type":"event","event":"output","body":{"category":"stdout","output":"math.test.trb\n"}}
{"type":"event","event":"stopped","body":{"reason":"breakpoint","threadId":1,"allThreadsStopped":true}}
{"type":"response","request_seq":5,"success":true,"command":"stackTrace","body":{"stackFrames":[{"id":1,"name":"double","source":{"name":"math.test.trb","path":"{root}/math.test.trb"},"line":5,"column":3},{"id":2,"name":"closure","source":{"name":"math.test.trb","path":"{root}/math.test.trb"},"line":10,"column":5},{"id":3,"name":"closure","source":{"name":"math.test.trb","path":"{root}/math.test.trb"},"line":9,"column":3},{"id":4,"name":"math.test.trb","source":{"name":"math.test.trb","path":"{root}/math.test.trb"},"line":8,"column":1}],"totalFrames":4}}
{"type":"response","request_seq":6,"success":true,"command":"scopes","body":{"scopes":[{"name":"Locals","presentationHint":"locals","variablesReference":1,"expensive":false}]}}
{"type":"response","request_seq":7,"success":true,"command":"variables","body":{"variables":[{"name":"value","value":"21","type":"Int","variablesReference":0}]}}
{"type":"response","request_seq":8,"success":true,"command":"stepOut","body":{}}
{"type":"event","event":"stopped","body":{"reason":"step","threadId":1,"allThreadsStopped":true}}
{"type":"response","request_seq":9,"success":true,"command":"stackTrace","body":{"stackFrames":[{"id":1,"name":"closure","source":{"name":"math.test.trb","path":"{root}/math.test.trb"},"line":11,"column":5}],"totalFrames":3}}
{"type":"response","request_seq":10,"success":true,"command":"scopes","body":{"scopes":[{"name":"Locals","presentationHint":"locals","variablesReference":1,"expensive":false}]}}
{"type":"response","request_seq":11,"success":true,"command":"variables","body":{"variables":[{"name":"doubled","value":"42","type":"Int","variablesReference":0}]}}
{"type":"response","request_seq":12,"success":true,"command":"continue","body":{"allThreadsContinued":true}}
{"type":"event","event":"output","body":{"category":"stdout","output":"  ok      Math > doubles\n\n1 passed, 0 failed (1 file)\n"}}
{"type":"event","event":"exited","body":{"exitCode":0}}
{"type":"event","event":"terminated","body":{}}
