count: Int64 = 1
count: Int64 = 2
2: Int64
tally: Int64 = 10
12: Int64
log: List<String> = []
["first", "second"]: List<String>
value 12: String
now 12: String
origin: Point = Point(x: 0, y: 0)
points: List<Point> = [Point(x: 0, y: 0), Point(x: 1, y: 2)]
Point(x: 0, y: 0): Point
Point(x: 1.5, y: 2.5): Point
12: Int64
