$ torb test tests/test-report/suite --filter=Arithmetic
error: the name of a filter is an argument of its own: `--filter "Group > test"`
exit 2
$ torb test tests/test-report/suite --report=json
error: the report is an argument of its own: `--report json`
exit 2
$ torb test tests/test-report/suite --report xml
error: `--report` takes `json`, the one report besides the human one: `--report json`
exit 2
$ torb test tests/test-report/suite --report json --native --shards 2
error: `--report json` runs one process, and `--shards` several: give each process its `--shard k/n`
exit 2
$ torb test tests/test-report/suite --filter
error: `--filter` needs the full name of a test or of a group: `--filter "Group > test"`
exit 2
$ torb test tests/test-report/suite --report
error: `--report` needs what to write: `--report json`
exit 2
