$ torb test tests/test-report/suite --filter=Arithmetic
error: the name of a filter is an argument of its own: `--filter "Group > test"`
exit 2
$ torb test tests/test-report/suite --report=json
error: the report is an argument of its own: `--report json`
exit 2
$ torb test tests/test-report/suite --report xml
error: `--report` takes `json`, the one report besides the human one: `--report json`
exit 2
$ torb test tests/test-report/suite --report json --native --shards 2
error: `--report json` runs one process, and `--shards` several: give each process its `--shard k/n`
exit 2
$ torb test tests/test-report/suite --filter
error: `--filter` needs the full name of a test or of a group: `--filter "Group > test"`
exit 2
$ torb test tests/test-report/suite --report
error: `--report` needs what to write: `--report json`
exit 2
$ torb test tests/test-report/suite --frobnicate
error: unknown flag --frobnicate, see `torb test --help`
exit 2
$ torb test --help
torb test - run every *.test.trb below the paths as one program, in the bytecode VM

Usage:
  torb test [path]... [flag]...

  A path is a file or a directory (default: the package the working directory is in). A path that starts with
  `--` is written `./--name`: every other argument that does is a flag, and one of these.

  --native                 Build them into one binary and run it instead
  --vm                     The default, accepted
  --profile dev|release    Build natively with that profile (default: dev); --release is --profile release
  --shard k/n              Only the k-th of every n files, so n processes run one suite between them
  --shards n               With --native: build once and run all n shards at the same time
  --filter <name>          Only the test of this full name (`Group > test`), or every test of the group of this
                           name; any number of them, and a test runs when it matches one
  --report json            JSON Lines on standard output instead of the report a person reads, for an editor
  --jobs N                 Accepted and ignored: one program is one process
exit 0
