{"event":"file","path":"tests/test-report/suite/arithmetic.test.trb"}
{"event":"start","file":"tests/test-report/suite/arithmetic.test.trb","groups":["Arithmetic"],"name":"adds","fullName":"Arithmetic > adds"}
{"event":"test","file":"tests/test-report/suite/arithmetic.test.trb","groups":["Arithmetic"],"name":"adds","fullName":"Arithmetic > adds","outcome":"passed","duration":<ms>}
{"event":"start","file":"tests/test-report/suite/arithmetic.test.trb","groups":["Arithmetic","Division"],"name":"divides","fullName":"Arithmetic > Division > divides"}
{"event":"test","file":"tests/test-report/suite/arithmetic.test.trb","groups":["Arithmetic","Division"],"name":"divides","fullName":"Arithmetic > Division > divides","outcome":"passed","duration":<ms>}
{"event":"start","file":"tests/test-report/suite/arithmetic.test.trb","groups":["Arithmetic","Division"],"name":"fails on purpose","fullName":"Arithmetic > Division > fails on purpose"}
a line the test prints
{"event":"test","file":"tests/test-report/suite/arithmetic.test.trb","groups":["Arithmetic","Division"],"name":"fails on purpose","fullName":"Arithmetic > Division > fails on purpose","outcome":"failed","duration":<ms>,"message":"Assertion failed: 7 / 2 == 4","location":{"path":"torbscript/tests/test-report/suite/arithmetic.test.trb","line":18,"column":7}}
{"event":"file","path":"tests/test-report/suite/names.test.trb"}
{"event":"start","file":"tests/test-report/suite/names.test.trb","groups":["Größe"],"name":"zählt Äpfel 日本","fullName":"Größe > zählt Äpfel 日本"}
{"event":"test","file":"tests/test-report/suite/names.test.trb","groups":["Größe"],"name":"zählt Äpfel 日本","fullName":"Größe > zählt Äpfel 日本","outcome":"passed","duration":<ms>}
{"event":"summary","passed":3,"failed":1,"files":2}
exit 1
