{"event":"file","path":"tests/test-report/suite/names.test.trb"}
{"event":"start","file":"tests/test-report/suite/names.test.trb","groups":["Größe"],"name":"zählt Äpfel 日本","fullName":"Größe > zählt Äpfel 日本"}
{"event":"test","file":"tests/test-report/suite/names.test.trb","groups":["Größe"],"name":"zählt Äpfel 日本","fullName":"Größe > zählt Äpfel 日本","outcome":"passed","duration":<ms>}
{"event":"start","file":"tests/test-report/suite/names.test.trb","groups":[],"name":"a name with \"quotes\" and a \\ backslash","fullName":"a name with \"quotes\" and a \\ backslash"}
{"event":"test","file":"tests/test-report/suite/names.test.trb","groups":[],"name":"a name with \"quotes\" and a \\ backslash","fullName":"a name with \"quotes\" and a \\ backslash","outcome":"failed","duration":<ms>,"message":"first line\nsecond line with \"quotes\"\tand a tab","location":{"path":"torbscript/tests/test-report/suite/names.test.trb","line":13,"column":3},"frames":"  in a closure in the top level\n  in the top level, at torbscript/tests/test-report/suite/names.test.trb:12:1"}
{"event":"summary","passed":1,"failed":1,"files":1,"shard":{"index":2,"count":2}}
exit 1
