port 9000, names a xb xc
stopped: 2: The script ran more than 10000 steps
stopped: 2: no configuration today
not loaded: 1: The script may not import `std/environment`: the caller grants it with `modules "std/environment"`
port 7, names 
not loaded: There is no script `./vm-only/nowhere.trb` in this program: a script is loaded by a path it was compiled with
the program goes on
