port 9100, names run time-x time-y
applied twice: 9100 9100, 3 and 3 names
not loaded: 2: Expected `Int64`, found `String`
not loaded: 1: The script may not import `std/os/environment`: the caller grants it with `modules "std/os/environment"`
port 7, names 
stopped: 2: no configuration today
not loaded: There is no script `./generated/nowhere.trb`
the program goes on
