$ torb check --frobnicate
error: unknown flag --frobnicate, see `torb --help`
exit 2
$ torb check --statistics tests/test-report/suite --frobnicate
error: unknown flag --frobnicate, see `torb --help`
exit 2
$ torb manifest --frobnicate
error: unknown flag --frobnicate, see `torb --help`
exit 2
$ torb parse --frobnicate
error: unknown flag --frobnicate, see `torb --help`
exit 2
$ torb build --frobnicate
error: unknown flag --frobnicate, see `torb --help`
exit 2
$ torb build --emit-c --output build/command-line --frobnicate
error: unknown flag --frobnicate, see `torb --help`
exit 2
$ torb ir --frobnicate
error: unknown flag --frobnicate, see `torb --help`
exit 2
$ torb run --frobnicate
error: unknown flag --frobnicate, see `torb --help`
exit 2
$ torb run --native --frobnicate tests/test-report/suite
error: unknown flag --frobnicate, see `torb --help`
exit 2
$ torb test --frobnicate
error: unknown flag --frobnicate, see `torb test --help`
exit 2
$ torb --help
exit 0
