$ torb check --frobnicate
error: unknown flag --frobnicate, see `torb --help`
exit 2
$ torb check --statistics tests/test-report/suite --frobnicate
error: unknown flag --frobnicate, see `torb --help`
exit 2
$ torb manifest --frobnicate
error: unknown flag --frobnicate, see `torb --help`
exit 2
$ torb parse --frobnicate
error: unknown flag --frobnicate, see `torb --help`
exit 2
$ torb build --frobnicate
error: unknown flag --frobnicate, see `torb --help`
exit 2
$ torb build --emit-c --output build/command-line --frobnicate
error: unknown flag --frobnicate, see `torb --help`
exit 2
$ torb ir --frobnicate
error: unknown flag --frobnicate, see `torb --help`
exit 2
$ torb run --frobnicate
error: unknown flag --frobnicate, see `torb --help`
exit 2
$ torb run --native --frobnicate tests/test-report/suite
error: unknown flag --frobnicate, see `torb --help`
exit 2
$ torb test --frobnicate
error: unknown flag --frobnicate, see `torb test --help`
exit 2
$ torb check --color purple
error: `--color` takes `auto`, `always` or `never`, not `purple`
exit 2
$ torb check --color
error: `--color` needs `auto`, `always` or `never`: `--color never`
exit 2
$ torb --color=never check --frobnicate
error: unknown flag --frobnicate, see `torb --help`
exit 2
$ torb test --color always --frobnicate
[1;31merror[0m[1m: unknown flag --frobnicate, see `torb test --help`[0m
exit 2
$ torb debug --frobnicate
error: unknown flag --frobnicate, see `torb --help`
exit 2
$ torb new --frobnicate
error: unknown flag --frobnicate, see `torb --help`
exit 2
$ torb new somewhere --frobnicate
error: unknown flag --frobnicate, see `torb --help`
exit 2
$ torb new somewhere --ci bogus
error: `--ci` takes github, forgejo, both, none, not `bogus`
exit 2
$ torb new somewhere --license bogus
error: `--license` takes mit, apache-2.0, none, not `bogus`
exit 2
$ torb new somewhere --template
error: `--template` needs a value
exit 2
$ torb init --frobnicate
error: unknown flag --frobnicate, see `torb --help`
exit 2
$ torb init somewhere
error: `torb init` takes no path: it fills the current directory, `torb new <path>` makes a new one
exit 2
$ torb upgrade --frobnicate
error: unknown flag --frobnicate, see `torb --help`
exit 2
$ torb repl --frobnicate
error: unknown flag --frobnicate, see `torb --help`
exit 2
$ torb --help
exit 0
$ torb check --help
the usage of torb check
exit 0
$ torb check -h
the usage of torb check
exit 0
$ torb build --help
the usage of torb build
exit 0
$ torb build -h
the usage of torb build
exit 0
$ torb run --help
the usage of torb run
exit 0
$ torb run -h
the usage of torb run
exit 0
$ torb test --help
the usage of torb test
exit 0
$ torb test -h
the usage of torb test
exit 0
$ torb new --help
the usage of torb new
exit 0
$ torb new -h
the usage of torb new
exit 0
$ torb init --help
the usage of torb init
exit 0
$ torb init -h
the usage of torb init
exit 0
$ torb upgrade --help
the usage of torb upgrade
exit 0
$ torb upgrade -h
the usage of torb upgrade
exit 0
$ torb add --help
the usage of torb add
exit 0
$ torb add -h
the usage of torb add
exit 0
$ torb remove --help
the usage of torb remove
exit 0
$ torb remove -h
the usage of torb remove
exit 0
$ torb update --help
the usage of torb update
exit 0
$ torb update -h
the usage of torb update
exit 0
$ torb install --help
the usage of torb install
exit 0
$ torb install -h
the usage of torb install
exit 0
$ torb publish --help
the usage of torb publish
exit 0
$ torb publish -h
the usage of torb publish
exit 0
$ torb lock --help
the usage of torb lock
exit 0
$ torb lock -h
the usage of torb lock
exit 0
$ torb repl --help
the usage of torb repl
exit 0
$ torb repl -h
the usage of torb repl
exit 0
$ torb manifest --help
the usage of torb manifest
exit 0
$ torb manifest -h
the usage of torb manifest
exit 0
$ torb ir --help
the usage of torb ir
exit 0
$ torb ir -h
the usage of torb ir
exit 0
$ torb natives --help
the usage of torb natives
exit 0
$ torb natives -h
the usage of torb natives
exit 0
$ torb parse --help
the usage of torb parse
exit 0
$ torb parse -h
the usage of torb parse
exit 0
$ torb tokens --help
the usage of torb tokens
exit 0
$ torb tokens -h
the usage of torb tokens
exit 0
$ torb ast --help
the usage of torb ast
exit 0
$ torb ast -h
the usage of torb ast
exit 0
$ torb highlight --help
the usage of torb highlight
exit 0
$ torb highlight -h
the usage of torb highlight
exit 0
$ torb format --help
the usage of torb format
exit 0
$ torb format -h
the usage of torb format
exit 0
$ torb canon --help
the usage of torb format
exit 0
$ torb canon -h
the usage of torb format
exit 0
$ torb lint --help
the usage of torb lint
exit 0
$ torb lint -h
the usage of torb lint
exit 0
$ torb rename --help
the usage of torb rename
exit 0
$ torb rename -h
the usage of torb rename
exit 0
$ torb lsp --help
the usage of torb lsp
exit 0
$ torb lsp -h
the usage of torb lsp
exit 0
$ torb debug --help
the usage of torb debug
exit 0
$ torb debug -h
the usage of torb debug
exit 0
$ torb doc --help
the usage of torb doc
exit 0
$ torb doc -h
the usage of torb doc
exit 0
$ torb docs --help
the usage of torb docs
exit 0
$ torb docs -h
the usage of torb docs
exit 0
