{"jsonrpc":"2.0","id":1,"result":{"capabilities":{"positionEncoding":"utf-16","textDocumentSync":{"openClose":true,"change":2},"hoverProvider":true,"definitionProvider":true,"completionProvider":{"triggerCharacters":["."],"resolveProvider":true},"semanticTokensProvider":{"legend":{"tokenTypes":["type","interface","typeParameter","enumMember","namespace","function","method","parameter","variable","property"],"tokenModifiers":["declaration","readonly","static","defaultLibrary","mutable","deprecated"]},"full":true},"codeActionProvider":{"codeActionKinds":["quickfix"]},"signatureHelpProvider":{"triggerCharacters":["(",","]},"referencesProvider":true,"renameProvider":{"prepareProvider":true},"documentSymbolProvider":true,"workspaceSymbolProvider":true,"documentFormattingProvider":true,"documentRangeFormattingProvider":true,"experimental":{"tests":true}},"serverInfo":{"name":"torb","version":"0.1.0"}}}
{"jsonrpc":"2.0","id":2,"error":{"code":-32601,"message":"`textDocument/moniker` is not a request this server answers"}}
{"jsonrpc":"2.0","id":3,"result":null}
