{"jsonrpc":"2.0","id":1,"result":{"capabilities":{"positionEncoding":"utf-16","textDocumentSync":{"openClose":true,"change":2},"hoverProvider":true,"definitionProvider":true,"completionProvider":{"triggerCharacters":["."],"resolveProvider":true},"semanticTokensProvider":{"legend":{"tokenTypes":["type","interface","typeParameter","enumMember","namespace","function","method","parameter","variable","property"],"tokenModifiers":["declaration","readonly","static","defaultLibrary","mutable"]},"full":true},"codeActionProvider":{"codeActionKinds":["quickfix"]},"signatureHelpProvider":{"triggerCharacters":["(",","]},"referencesProvider":true,"renameProvider":{"prepareProvider":true},"documentSymbolProvider":true,"workspaceSymbolProvider":true,"documentFormattingProvider":true,"documentRangeFormattingProvider":true,"experimental":{"tests":true}},"serverInfo":{"name":"torb","version":"0.1.0"}}}
{"jsonrpc":"2.0","id":2,"result":[{"kind":"group","name":"Größe","range":{"start":{"line":2,"character":0},"end":{"line":8,"character":1}},"selectionRange":{"start":{"line":2,"character":6},"end":{"line":2,"character":13}},"children":[{"kind":"test","name":"zählt 😀","range":{"start":{"line":3,"character":2},"end":{"line":5,"character":3}},"selectionRange":{"start":{"line":3,"character":7},"end":{"line":3,"character":17}},"children":[]},{"kind":"test","name":"in parentheses","range":{"start":{"line":7,"character":2},"end":{"line":7,"character":41}},"selectionRange":{"start":{"line":7,"character":7},"end":{"line":7,"character":23}},"children":[]}]},{"kind":"test","name":"top level","range":{"start":{"line":10,"character":0},"end":{"line":12,"character":1}},"selectionRange":{"start":{"line":10,"character":5},"end":{"line":10,"character":16}},"children":[]}]}
{"jsonrpc":"2.0","id":3,"result":[]}
{"jsonrpc":"2.0","id":4,"result":[]}
{"jsonrpc":"2.0","id":5,"result":null}
